.next/dev/types/validator.ts(459,31): error TS2344: Type 'typeof import("C:/Users/HAFIZ ADIL/OneDrive/Desktop/Movie/movie-frontend/app/api/admin/videos/[id]/route")' does not satisfy the constraint 'RouteHandlerConfig<"/api/admin/videos/[id]">'.
  Types of property 'PUT' are incompatible.
    Type '(req: Request, { params }: { params: { id: string; }; }) => Promise<NextResponse<{ error: string; }> | NextResponse<{ id: number; title: string; description: string; video_url: string; thumbnail_url: string; ... 7 more ...; tags: never[]; }>>' is not assignable to type '(request: NextRequest, context: { params: Promise<{ id: string; }>; }) => void | Response | Promise<void | Response>'.
      Types of parameters '__1' and 'context' are incompatible.
        Type '{ params: Promise<{ id: string; }>; }' is not assignable to type '{ params: { id: string; }; }'.
          Types of property 'params' are incompatible.
            Property 'id' is missing in type 'Promise<{ id: string; }>' but required in type '{ id: string; }'.
